// Jest Snapshot v1, https://goo.gl/fbAQLP

exports[`<AboutSection /> renders the props correctly 1`] = `
<div>
  <section
    class="flex justify-center items-center min-h-screen"
    id="about"
  >
    <article
      class="w-4/5 max-w-[900px] font-thin"
    >
      <header
        class="flex justify-between relative"
      >
        <h2
          class="xs:text-2xl sm:text-3xl md:text-5xl my-4"
          data-aos="fade-right"
        >
          About me
        </h2>
        <div
          class="p-0.5 bg-gradient-to-r from-blue-500 via-purple-600 via-pink-500 to-red-400 absolute top-1/2 right-0 w-6/12 md:w-7/12 lg:w-8/12"
          data-aos="fade-left"
        />
      </header>
      <main
        class="text-base md:text-xl"
      >
        <div
          class="mb-4"
          data-aos="fade-up"
        >
          <p
            class="mb-4"
          >
            Text One
          </p>
          <p>
            Text Two
          </p>
        </div>
        <div
          data-aos="fade-up"
          data-aos-delay="100"
        >
          <p
            class="mb-4 font-medium bg-clip-text text-transparent bg-gradient-to-r from-blue-500 via-purple-600 via-pink-500 to-red-400"
          >
            Education & Certifications:
          </p>
          <ul>
            <li>
              Test education
            </li>
          </ul>
        </div>
        <div
          data-aos="fade-up"
          data-aos-delay="200"
        >
          <p
            class="my-4 font-medium bg-clip-text text-transparent bg-gradient-to-r from-blue-500 via-purple-600 via-pink-500 to-red-400"
          >
            Some technologies I'm familiar with:
          </p>
          <div
            class="flex justify-between flex-wrap"
          >
            <ul
              class="xs:flex-1 min-w-[128px]"
            >
              <li>
                Test frontend skill
              </li>
            </ul>
            <ul
              class="xs:flex-1 min-w-[128px]"
            >
              <li>
                Test backend skill
              </li>
            </ul>
            <ul
              class="xs:flex-1 min-w-[128px]"
            >
              <li>
                Test styling skill
              </li>
            </ul>
            <ul
              class="xs:flex-1 min-w-[128px]"
            >
              <li>
                Test others skill
              </li>
            </ul>
          </div>
        </div>
      </main>
    </article>
  </section>
</div>
`;
